// Jest Snapshot v1, https://goo.gl/fbAQLP

exports[`Header component renders correctly with mock project 1`] = `
Object {
  "asFragment": [Function],
  "baseElement": <body>
    <div>
      <div
        class="styles__Background-sc-1txlban-0 bMhZBG"
      >
        <div
          class="styles__ModalWrapper-sc-1txlban-1 fUXPut"
        >
          <div
            class="styles__LogoWrapper-sc-1txlban-8 hKbJpQ"
          />
          <div
            class="styles__TextWrapper-sc-101ii58-1 dFjYKP"
          >
            <div
              class="styles__HeadingText-sc-1txlban-2 jpaJzw"
            >
              <em>
                Big Boss
              </em>
              <br />
              Best Project
            </div>
            <div
              class="styles__ProjectBody-sc-1txlban-3 gaqXcZ"
            >
              <div
                class="styles__BodyText-sc-1txlban-4 dPXiAG"
              >
                Contrary to popular belief, Lorem Ipsum is not simply random text. It has roots in a piece of classical Latin literature from 45 BC, making it over 2000 years old. Richard McClintock, a Latin professor at Hampden-Sydney College in Virginia, looked up one of the more obscure Latin words, consectetur, from a Lorem Ipsum passage, and going through the cites of the word in classical literature, discovered the undoubtable source. Lorem Ipsum comes from sections 1.10.32 and 1.10.33 of 'de Finibus Bonorum et Malorum' (The Extremes of Good and Evil) by Cicero, written in 45 BC. This book is a treatise on the theory of ethics, very popular during the Renaissance. The first line of Lorem Ipsum, 'Lorem ipsum dolor sit amet..', comes from a line in section 1.10.32.
              </div>
              <div
                class="styles__ListWrapper-sc-1txlban-5 fbJcNH"
              >
                <ul
                  class="styles__StackedList-sc-1txlban-6 ixUetG"
                >
                  ANDis 
                  <br />
                  <li
                    class="styles__ListItem-sc-1txlban-7 hPMTpd"
                  >
                    Elliot Joe Jordan Jordan Joe Jordan Jordan Jordan
                  </li>
                  <li
                    class="styles__ListItem-sc-1txlban-7 hPMTpd"
                  >
                    Damiola Olufemi
                  </li>
                </ul>
                <ul
                  class="styles__StackedList-sc-1txlban-6 ixUetG"
                >
                  Tech Stack 
                  <br />
                  <li
                    class="styles__ListItem-sc-1txlban-7 hPMTpd"
                  >
                    React
                  </li>
                  <li
                    class="styles__ListItem-sc-1txlban-7 hPMTpd"
                  >
                    Nodejs
                  </li>
                </ul>
              </div>
            </div>
          </div>
        </div>
      </div>
    </div>
  </body>,
  "container": <div>
    <div
      class="styles__Background-sc-1txlban-0 bMhZBG"
    >
      <div
        class="styles__ModalWrapper-sc-1txlban-1 fUXPut"
      >
        <div
          class="styles__LogoWrapper-sc-1txlban-8 hKbJpQ"
        />
        <div
          class="styles__TextWrapper-sc-101ii58-1 dFjYKP"
        >
          <div
            class="styles__HeadingText-sc-1txlban-2 jpaJzw"
          >
            <em>
              Big Boss
            </em>
            <br />
            Best Project
          </div>
          <div
            class="styles__ProjectBody-sc-1txlban-3 gaqXcZ"
          >
            <div
              class="styles__BodyText-sc-1txlban-4 dPXiAG"
            >
              Contrary to popular belief, Lorem Ipsum is not simply random text. It has roots in a piece of classical Latin literature from 45 BC, making it over 2000 years old. Richard McClintock, a Latin professor at Hampden-Sydney College in Virginia, looked up one of the more obscure Latin words, consectetur, from a Lorem Ipsum passage, and going through the cites of the word in classical literature, discovered the undoubtable source. Lorem Ipsum comes from sections 1.10.32 and 1.10.33 of 'de Finibus Bonorum et Malorum' (The Extremes of Good and Evil) by Cicero, written in 45 BC. This book is a treatise on the theory of ethics, very popular during the Renaissance. The first line of Lorem Ipsum, 'Lorem ipsum dolor sit amet..', comes from a line in section 1.10.32.
            </div>
            <div
              class="styles__ListWrapper-sc-1txlban-5 fbJcNH"
            >
              <ul
                class="styles__StackedList-sc-1txlban-6 ixUetG"
              >
                ANDis 
                <br />
                <li
                  class="styles__ListItem-sc-1txlban-7 hPMTpd"
                >
                  Elliot Joe Jordan Jordan Joe Jordan Jordan Jordan
                </li>
                <li
                  class="styles__ListItem-sc-1txlban-7 hPMTpd"
                >
                  Damiola Olufemi
                </li>
              </ul>
              <ul
                class="styles__StackedList-sc-1txlban-6 ixUetG"
              >
                Tech Stack 
                <br />
                <li
                  class="styles__ListItem-sc-1txlban-7 hPMTpd"
                >
                  React
                </li>
                <li
                  class="styles__ListItem-sc-1txlban-7 hPMTpd"
                >
                  Nodejs
                </li>
              </ul>
            </div>
          </div>
        </div>
      </div>
    </div>
  </div>,
  "debug": [Function],
  "findAllByAltText": [Function],
  "findAllByDisplayValue": [Function],
  "findAllByLabelText": [Function],
  "findAllByPlaceholderText": [Function],
  "findAllByRole": [Function],
  "findAllByTestId": [Function],
  "findAllByText": [Function],
  "findAllByTitle": [Function],
  "findByAltText": [Function],
  "findByDisplayValue": [Function],
  "findByLabelText": [Function],
  "findByPlaceholderText": [Function],
  "findByRole": [Function],
  "findByTestId": [Function],
  "findByText": [Function],
  "findByTitle": [Function],
  "getAllByAltText": [Function],
  "getAllByDisplayValue": [Function],
  "getAllByLabelText": [Function],
  "getAllByPlaceholderText": [Function],
  "getAllByRole": [Function],
  "getAllByTestId": [Function],
  "getAllByText": [Function],
  "getAllByTitle": [Function],
  "getByAltText": [Function],
  "getByDisplayValue": [Function],
  "getByLabelText": [Function],
  "getByPlaceholderText": [Function],
  "getByRole": [Function],
  "getByTestId": [Function],
  "getByText": [Function],
  "getByTitle": [Function],
  "queryAllByAltText": [Function],
  "queryAllByDisplayValue": [Function],
  "queryAllByLabelText": [Function],
  "queryAllByPlaceholderText": [Function],
  "queryAllByRole": [Function],
  "queryAllByTestId": [Function],
  "queryAllByText": [Function],
  "queryAllByTitle": [Function],
  "queryByAltText": [Function],
  "queryByDisplayValue": [Function],
  "queryByLabelText": [Function],
  "queryByPlaceholderText": [Function],
  "queryByRole": [Function],
  "queryByTestId": [Function],
  "queryByText": [Function],
  "queryByTitle": [Function],
  "rerender": [Function],
  "unmount": [Function],
}
`;
