// Jest Snapshot v1, https://goo.gl/fbAQLP

exports[`ProjectForm component renders correctly 1`] = `
Object {
  "asFragment": [Function],
  "baseElement": <body>
    <div>
      <div
        class="styles__HomepageWrapper-sc-101ii58-0 iCONwV"
      >
        <form
          class="styles__FormWrapper-sc-101ii58-3 foeRUl"
        >
          <div
            class="FormTitle__Title-oi1tko-0 dGHNUP"
          >
            Add a Project
          </div>
          <div
            class="FormBody-sc-19652hi-0 eFLdXH"
          >
            <div>
              <div
                class="FormLabel__Label-wqrwj6-0 iJzIPZ"
              >
                Project Title
              </div>
              <input
                class="FormInput__Input-sc-1b0ub2b-0 jdgKUs"
                maxlength="20"
                name="projectTitle"
                placeholder="Project title"
                type="text"
                value=""
              />
            </div>
            <div>
              <div
                class="FormLabel__Label-wqrwj6-0 iJzIPZ"
              >
                Client
              </div>
              <div
                class="FormSelect-sc-1x99qrm-0 biQJYq css-2b097c-container"
              >
                <div
                  class=" css-yk16xz-control"
                >
                  <div
                    class=" css-1hwfws3"
                  >
                    <div
                      class=" css-1wa3eu0-placeholder"
                    >
                      Select client
                    </div>
                    <div
                      class="css-b8ldur-Input"
                    >
                      <div
                        class=""
                        style="display: inline-block;"
                      >
                        <input
                          aria-autocomplete="list"
                          autocapitalize="none"
                          autocomplete="off"
                          autocorrect="off"
                          id="react-select-2-input"
                          spellcheck="false"
                          style="box-sizing: content-box; width: 2px; border: 0px; opacity: 1; outline: 0; padding: 0px;"
                          tabindex="0"
                          type="text"
                          value=""
                        />
                        <div
                          style="position: absolute; top: 0px; left: 0px; visibility: hidden; height: 0px; overflow: scroll; white-space: pre; font-family: -webkit-small-control; letter-spacing: normal; text-transform: none;"
                        />
                      </div>
                    </div>
                  </div>
                  <div
                    class=" css-1hb7zxy-IndicatorsContainer"
                  >
                    <span
                      class=" css-1okebmr-indicatorSeparator"
                    />
                    <div
                      aria-hidden="true"
                      class=" css-tlfecz-indicatorContainer"
                    >
                      <svg
                        aria-hidden="true"
                        class="css-6q0nyr-Svg"
                        focusable="false"
                        height="20"
                        viewBox="0 0 20 20"
                        width="20"
                      >
                        <path
                          d="M4.516 7.548c0.436-0.446 1.043-0.481 1.576 0l3.908 3.747 3.908-3.747c0.533-0.481 1.141-0.446 1.574 0 0.436 0.445 0.408 1.197 0 1.615-0.406 0.418-4.695 4.502-4.695 4.502-0.217 0.223-0.502 0.335-0.787 0.335s-0.57-0.112-0.789-0.335c0 0-4.287-4.084-4.695-4.502s-0.436-1.17 0-1.615z"
                        />
                      </svg>
                    </div>
                  </div>
                </div>
              </div>
            </div>
            <div
              hidden=""
            >
              <h3>
                Add New
              </h3>
              <div>
                <div>
                  <div
                    class="FormLabel__Label-wqrwj6-0 iJzIPZ"
                  >
                    Client Name
                  </div>
                  <input
                    class="FormInput__Input-sc-1b0ub2b-0 jdgKUs"
                    maxlength="40"
                    name=""
                    placeholder="Client Name"
                    type=""
                    value=""
                  />
                </div>
                <div>
                  <div
                    class="FormLabel__Label-wqrwj6-0 iJzIPZ"
                  >
                    Client Image URL
                  </div>
                  <input
                    class="FormInput__Input-sc-1b0ub2b-0 jdgKUs"
                    maxlength="40"
                    name=""
                    placeholder="Client Image URL"
                    type=""
                    value=""
                  />
                </div>
                <div>
                  <button
                    class="SubmitButton__Button-sc-12s6sqe-0 bZVpPP"
                  >
                    Create New Client
                  </button>
                </div>
              </div>
            </div>
            <div>
              <div
                class="FormLabel__Label-wqrwj6-0 iJzIPZ"
              >
                Project Description
              </div>
              <div
                class="styles__InputContainer-sc-17bjb14-0 kFxat"
              >
                <input
                  class="FormInput__Input-sc-1b0ub2b-0 emUbYX"
                  maxlength="60"
                  name="clientDescription"
                  placeholder="Client Description"
                  type="text"
                  value=""
                />
                <input
                  class="FormInput__Input-sc-1b0ub2b-0 emUbYX"
                  maxlength="60"
                  name="projectDescription"
                  placeholder="Project Description"
                  type="text"
                  value=""
                />
                <input
                  class="FormInput__Input-sc-1b0ub2b-0 emUbYX"
                  maxlength="60"
                  name="projectOutcomes"
                  placeholder="Project Outcomes"
                  type="text"
                  value=""
                />
              </div>
            </div>
            <div>
              <div
                class="FormLabel__Label-wqrwj6-0 iJzIPZ"
              >
                Cover Image
              </div>
              <input
                class="FormInput__Input-sc-1b0ub2b-0 jdgKUs"
                maxlength="200"
                name="coverImageUrl"
                placeholder="Cover Image URL"
                type="text"
                value=""
              />
            </div>
            <div>
              <div
                class="FormLabel__Label-wqrwj6-0 iJzIPZ"
              >
                ANDis
              </div>
              <div
                class="MultiSelectWrapper-ehyr88-0 PAJQb"
              >
                <div
                  class="InputWrapper-b1liev-0 ieRNSH"
                >
                  <input
                    class="FormInput__Input-sc-1b0ub2b-0 jdgKUs"
                    maxlength="40"
                    name=""
                    placeholder="Select ANDis..."
                    type="text"
                    value=""
                  />
                </div>
                <div
                  class="OptionsWrapper__Wrapper-bx0bji-0 JDVkX"
                />
              </div>
            </div>
            <div
              hidden=""
            >
              <h3>
                Add New
              </h3>
              <div>
                <div>
                  <div
                    class="FormLabel__Label-wqrwj6-0 iJzIPZ"
                  >
                    ANDi Name
                  </div>
                  <input
                    class="FormInput__Input-sc-1b0ub2b-0 jdgKUs"
                    maxlength="40"
                    name=""
                    placeholder="ANDi Name"
                    type=""
                    value=""
                  />
                </div>
                <div>
                  <div
                    class="FormLabel__Label-wqrwj6-0 iJzIPZ"
                  >
                    ANDi Image URL
                  </div>
                  <input
                    class="FormInput__Input-sc-1b0ub2b-0 jdgKUs"
                    maxlength="40"
                    name=""
                    placeholder="ANDi Image URL"
                    type=""
                    value=""
                  />
                </div>
                <div>
                  <button
                    class="SubmitButton__Button-sc-12s6sqe-0 bZVpPP"
                  >
                    Create New ANDi
                  </button>
                </div>
              </div>
            </div>
            <div>
              <div
                class="FormLabel__Label-wqrwj6-0 iJzIPZ"
              >
                Tech Stacks
              </div>
              <input
                class="FormInput__Input-sc-1b0ub2b-0 jdgKUs"
                maxlength="40"
                name="techStackNames"
                placeholder="Select Tech Stack"
                type="text"
                value=""
              />
            </div>
            <div
              hidden=""
            >
              <h3>
                Add New
              </h3>
              <div>
                <div>
                  <div
                    class="FormLabel__Label-wqrwj6-0 iJzIPZ"
                  >
                    Tech Stack Name
                  </div>
                  <input
                    class="FormInput__Input-sc-1b0ub2b-0 jdgKUs"
                    maxlength="40"
                    name=""
                    placeholder="Tech Stack Name"
                    type=""
                    value=""
                  />
                </div>
                <div>
                  <div
                    class="FormLabel__Label-wqrwj6-0 iJzIPZ"
                  >
                    Tech Stack Image URL
                  </div>
                  <input
                    class="FormInput__Input-sc-1b0ub2b-0 jdgKUs"
                    maxlength="40"
                    name=""
                    placeholder="Tech Stack Image URL"
                    type=""
                    value=""
                  />
                </div>
                <div>
                  <button
                    class="SubmitButton__Button-sc-12s6sqe-0 bZVpPP"
                  >
                    Create New Tech Stack
                  </button>
                </div>
              </div>
            </div>
            <div>
              <button
                class="SubmitButton__Button-sc-12s6sqe-0 bZVpPP"
              >
                CREATE
              </button>
            </div>
          </div>
        </form>
      </div>
    </div>
    <div
      class="react-toast-notifications__container css-mrh2d-ToastContainer"
    />
  </body>,
  "container": <div>
    <div
      class="styles__HomepageWrapper-sc-101ii58-0 iCONwV"
    >
      <form
        class="styles__FormWrapper-sc-101ii58-3 foeRUl"
      >
        <div
          class="FormTitle__Title-oi1tko-0 dGHNUP"
        >
          Add a Project
        </div>
        <div
          class="FormBody-sc-19652hi-0 eFLdXH"
        >
          <div>
            <div
              class="FormLabel__Label-wqrwj6-0 iJzIPZ"
            >
              Project Title
            </div>
            <input
              class="FormInput__Input-sc-1b0ub2b-0 jdgKUs"
              maxlength="20"
              name="projectTitle"
              placeholder="Project title"
              type="text"
              value=""
            />
          </div>
          <div>
            <div
              class="FormLabel__Label-wqrwj6-0 iJzIPZ"
            >
              Client
            </div>
            <div
              class="FormSelect-sc-1x99qrm-0 biQJYq css-2b097c-container"
            >
              <div
                class=" css-yk16xz-control"
              >
                <div
                  class=" css-1hwfws3"
                >
                  <div
                    class=" css-1wa3eu0-placeholder"
                  >
                    Select client
                  </div>
                  <div
                    class="css-b8ldur-Input"
                  >
                    <div
                      class=""
                      style="display: inline-block;"
                    >
                      <input
                        aria-autocomplete="list"
                        autocapitalize="none"
                        autocomplete="off"
                        autocorrect="off"
                        id="react-select-2-input"
                        spellcheck="false"
                        style="box-sizing: content-box; width: 2px; border: 0px; opacity: 1; outline: 0; padding: 0px;"
                        tabindex="0"
                        type="text"
                        value=""
                      />
                      <div
                        style="position: absolute; top: 0px; left: 0px; visibility: hidden; height: 0px; overflow: scroll; white-space: pre; font-family: -webkit-small-control; letter-spacing: normal; text-transform: none;"
                      />
                    </div>
                  </div>
                </div>
                <div
                  class=" css-1hb7zxy-IndicatorsContainer"
                >
                  <span
                    class=" css-1okebmr-indicatorSeparator"
                  />
                  <div
                    aria-hidden="true"
                    class=" css-tlfecz-indicatorContainer"
                  >
                    <svg
                      aria-hidden="true"
                      class="css-6q0nyr-Svg"
                      focusable="false"
                      height="20"
                      viewBox="0 0 20 20"
                      width="20"
                    >
                      <path
                        d="M4.516 7.548c0.436-0.446 1.043-0.481 1.576 0l3.908 3.747 3.908-3.747c0.533-0.481 1.141-0.446 1.574 0 0.436 0.445 0.408 1.197 0 1.615-0.406 0.418-4.695 4.502-4.695 4.502-0.217 0.223-0.502 0.335-0.787 0.335s-0.57-0.112-0.789-0.335c0 0-4.287-4.084-4.695-4.502s-0.436-1.17 0-1.615z"
                      />
                    </svg>
                  </div>
                </div>
              </div>
            </div>
          </div>
          <div
            hidden=""
          >
            <h3>
              Add New
            </h3>
            <div>
              <div>
                <div
                  class="FormLabel__Label-wqrwj6-0 iJzIPZ"
                >
                  Client Name
                </div>
                <input
                  class="FormInput__Input-sc-1b0ub2b-0 jdgKUs"
                  maxlength="40"
                  name=""
                  placeholder="Client Name"
                  type=""
                  value=""
                />
              </div>
              <div>
                <div
                  class="FormLabel__Label-wqrwj6-0 iJzIPZ"
                >
                  Client Image URL
                </div>
                <input
                  class="FormInput__Input-sc-1b0ub2b-0 jdgKUs"
                  maxlength="40"
                  name=""
                  placeholder="Client Image URL"
                  type=""
                  value=""
                />
              </div>
              <div>
                <button
                  class="SubmitButton__Button-sc-12s6sqe-0 bZVpPP"
                >
                  Create New Client
                </button>
              </div>
            </div>
          </div>
          <div>
            <div
              class="FormLabel__Label-wqrwj6-0 iJzIPZ"
            >
              Project Description
            </div>
            <div
              class="styles__InputContainer-sc-17bjb14-0 kFxat"
            >
              <input
                class="FormInput__Input-sc-1b0ub2b-0 emUbYX"
                maxlength="60"
                name="clientDescription"
                placeholder="Client Description"
                type="text"
                value=""
              />
              <input
                class="FormInput__Input-sc-1b0ub2b-0 emUbYX"
                maxlength="60"
                name="projectDescription"
                placeholder="Project Description"
                type="text"
                value=""
              />
              <input
                class="FormInput__Input-sc-1b0ub2b-0 emUbYX"
                maxlength="60"
                name="projectOutcomes"
                placeholder="Project Outcomes"
                type="text"
                value=""
              />
            </div>
          </div>
          <div>
            <div
              class="FormLabel__Label-wqrwj6-0 iJzIPZ"
            >
              Cover Image
            </div>
            <input
              class="FormInput__Input-sc-1b0ub2b-0 jdgKUs"
              maxlength="200"
              name="coverImageUrl"
              placeholder="Cover Image URL"
              type="text"
              value=""
            />
          </div>
          <div>
            <div
              class="FormLabel__Label-wqrwj6-0 iJzIPZ"
            >
              ANDis
            </div>
            <div
              class="MultiSelectWrapper-ehyr88-0 PAJQb"
            >
              <div
                class="InputWrapper-b1liev-0 ieRNSH"
              >
                <input
                  class="FormInput__Input-sc-1b0ub2b-0 jdgKUs"
                  maxlength="40"
                  name=""
                  placeholder="Select ANDis..."
                  type="text"
                  value=""
                />
              </div>
              <div
                class="OptionsWrapper__Wrapper-bx0bji-0 JDVkX"
              />
            </div>
          </div>
          <div
            hidden=""
          >
            <h3>
              Add New
            </h3>
            <div>
              <div>
                <div
                  class="FormLabel__Label-wqrwj6-0 iJzIPZ"
                >
                  ANDi Name
                </div>
                <input
                  class="FormInput__Input-sc-1b0ub2b-0 jdgKUs"
                  maxlength="40"
                  name=""
                  placeholder="ANDi Name"
                  type=""
                  value=""
                />
              </div>
              <div>
                <div
                  class="FormLabel__Label-wqrwj6-0 iJzIPZ"
                >
                  ANDi Image URL
                </div>
                <input
                  class="FormInput__Input-sc-1b0ub2b-0 jdgKUs"
                  maxlength="40"
                  name=""
                  placeholder="ANDi Image URL"
                  type=""
                  value=""
                />
              </div>
              <div>
                <button
                  class="SubmitButton__Button-sc-12s6sqe-0 bZVpPP"
                >
                  Create New ANDi
                </button>
              </div>
            </div>
          </div>
          <div>
            <div
              class="FormLabel__Label-wqrwj6-0 iJzIPZ"
            >
              Tech Stacks
            </div>
            <input
              class="FormInput__Input-sc-1b0ub2b-0 jdgKUs"
              maxlength="40"
              name="techStackNames"
              placeholder="Select Tech Stack"
              type="text"
              value=""
            />
          </div>
          <div
            hidden=""
          >
            <h3>
              Add New
            </h3>
            <div>
              <div>
                <div
                  class="FormLabel__Label-wqrwj6-0 iJzIPZ"
                >
                  Tech Stack Name
                </div>
                <input
                  class="FormInput__Input-sc-1b0ub2b-0 jdgKUs"
                  maxlength="40"
                  name=""
                  placeholder="Tech Stack Name"
                  type=""
                  value=""
                />
              </div>
              <div>
                <div
                  class="FormLabel__Label-wqrwj6-0 iJzIPZ"
                >
                  Tech Stack Image URL
                </div>
                <input
                  class="FormInput__Input-sc-1b0ub2b-0 jdgKUs"
                  maxlength="40"
                  name=""
                  placeholder="Tech Stack Image URL"
                  type=""
                  value=""
                />
              </div>
              <div>
                <button
                  class="SubmitButton__Button-sc-12s6sqe-0 bZVpPP"
                >
                  Create New Tech Stack
                </button>
              </div>
            </div>
          </div>
          <div>
            <button
              class="SubmitButton__Button-sc-12s6sqe-0 bZVpPP"
            >
              CREATE
            </button>
          </div>
        </div>
      </form>
    </div>
  </div>,
  "debug": [Function],
  "findAllByAltText": [Function],
  "findAllByDisplayValue": [Function],
  "findAllByLabelText": [Function],
  "findAllByPlaceholderText": [Function],
  "findAllByRole": [Function],
  "findAllByTestId": [Function],
  "findAllByText": [Function],
  "findAllByTitle": [Function],
  "findByAltText": [Function],
  "findByDisplayValue": [Function],
  "findByLabelText": [Function],
  "findByPlaceholderText": [Function],
  "findByRole": [Function],
  "findByTestId": [Function],
  "findByText": [Function],
  "findByTitle": [Function],
  "getAllByAltText": [Function],
  "getAllByDisplayValue": [Function],
  "getAllByLabelText": [Function],
  "getAllByPlaceholderText": [Function],
  "getAllByRole": [Function],
  "getAllByTestId": [Function],
  "getAllByText": [Function],
  "getAllByTitle": [Function],
  "getByAltText": [Function],
  "getByDisplayValue": [Function],
  "getByLabelText": [Function],
  "getByPlaceholderText": [Function],
  "getByRole": [Function],
  "getByTestId": [Function],
  "getByText": [Function],
  "getByTitle": [Function],
  "queryAllByAltText": [Function],
  "queryAllByDisplayValue": [Function],
  "queryAllByLabelText": [Function],
  "queryAllByPlaceholderText": [Function],
  "queryAllByRole": [Function],
  "queryAllByTestId": [Function],
  "queryAllByText": [Function],
  "queryAllByTitle": [Function],
  "queryByAltText": [Function],
  "queryByDisplayValue": [Function],
  "queryByLabelText": [Function],
  "queryByPlaceholderText": [Function],
  "queryByRole": [Function],
  "queryByTestId": [Function],
  "queryByText": [Function],
  "queryByTitle": [Function],
  "rerender": [Function],
  "unmount": [Function],
}
`;
