// Jest Snapshot v1, https://goo.gl/fbAQLP

exports[`Footer component renders correctly 1`] = `
Object {
  "asFragment": [Function],
  "baseElement": <body>
    <div>
      <div
        class="styles__FooterWrapper-sc-1x6z2gh-0 fhQJxy"
      >
        <div
          class="styles__FooterDiv-sc-1x6z2gh-2 hmypNb"
        >
          <a
            class="styles__FooterText-sc-1x6z2gh-1 eRPpOX"
            href="https://and.digital/about/"
          >
            About
          </a>
        </div>
        <div
          class="styles__FooterDiv-sc-1x6z2gh-2 hmypNb"
        >
          <a
            class="styles__FooterText-sc-1x6z2gh-1 eRPpOX"
          >
            /
          </a>
        </div>
        <div
          class="styles__FooterDiv-sc-1x6z2gh-2 hmypNb"
        >
          <a
            class="styles__FooterText-sc-1x6z2gh-1 eRPpOX"
            href="https://and.digital/contact/"
          >
            Contact Us
          </a>
        </div>
        <div
          class="styles__FooterDiv-sc-1x6z2gh-2 hmypNb"
        >
          <a
            class="styles__FooterText-sc-1x6z2gh-1 eRPpOX"
          >
            /
          </a>
        </div>
        <div
          class="styles__FooterDiv-sc-1x6z2gh-2 hmypNb"
        >
          <a
            class="styles__FooterText-sc-1x6z2gh-1 eRPpOX"
            href="https://and.digital/join-us/"
          >
            Join Us
          </a>
        </div>
        <div
          class="styles__FooterDiv-sc-1x6z2gh-2 hmypNb"
        >
          <a
            class="styles__FooterText-sc-1x6z2gh-1 eRPpOX"
          >
            /
          </a>
        </div>
        <div
          class="styles__FooterDiv-sc-1x6z2gh-2 hmypNb"
        >
          <a
            class="styles__FooterText-sc-1x6z2gh-1 eRPpOX"
            href="https://and.digital/"
          >
            AND Digital
          </a>
        </div>
      </div>
    </div>
  </body>,
  "container": <div>
    <div
      class="styles__FooterWrapper-sc-1x6z2gh-0 fhQJxy"
    >
      <div
        class="styles__FooterDiv-sc-1x6z2gh-2 hmypNb"
      >
        <a
          class="styles__FooterText-sc-1x6z2gh-1 eRPpOX"
          href="https://and.digital/about/"
        >
          About
        </a>
      </div>
      <div
        class="styles__FooterDiv-sc-1x6z2gh-2 hmypNb"
      >
        <a
          class="styles__FooterText-sc-1x6z2gh-1 eRPpOX"
        >
          /
        </a>
      </div>
      <div
        class="styles__FooterDiv-sc-1x6z2gh-2 hmypNb"
      >
        <a
          class="styles__FooterText-sc-1x6z2gh-1 eRPpOX"
          href="https://and.digital/contact/"
        >
          Contact Us
        </a>
      </div>
      <div
        class="styles__FooterDiv-sc-1x6z2gh-2 hmypNb"
      >
        <a
          class="styles__FooterText-sc-1x6z2gh-1 eRPpOX"
        >
          /
        </a>
      </div>
      <div
        class="styles__FooterDiv-sc-1x6z2gh-2 hmypNb"
      >
        <a
          class="styles__FooterText-sc-1x6z2gh-1 eRPpOX"
          href="https://and.digital/join-us/"
        >
          Join Us
        </a>
      </div>
      <div
        class="styles__FooterDiv-sc-1x6z2gh-2 hmypNb"
      >
        <a
          class="styles__FooterText-sc-1x6z2gh-1 eRPpOX"
        >
          /
        </a>
      </div>
      <div
        class="styles__FooterDiv-sc-1x6z2gh-2 hmypNb"
      >
        <a
          class="styles__FooterText-sc-1x6z2gh-1 eRPpOX"
          href="https://and.digital/"
        >
          AND Digital
        </a>
      </div>
    </div>
  </div>,
  "debug": [Function],
  "findAllByAltText": [Function],
  "findAllByDisplayValue": [Function],
  "findAllByLabelText": [Function],
  "findAllByPlaceholderText": [Function],
  "findAllByRole": [Function],
  "findAllByTestId": [Function],
  "findAllByText": [Function],
  "findAllByTitle": [Function],
  "findByAltText": [Function],
  "findByDisplayValue": [Function],
  "findByLabelText": [Function],
  "findByPlaceholderText": [Function],
  "findByRole": [Function],
  "findByTestId": [Function],
  "findByText": [Function],
  "findByTitle": [Function],
  "getAllByAltText": [Function],
  "getAllByDisplayValue": [Function],
  "getAllByLabelText": [Function],
  "getAllByPlaceholderText": [Function],
  "getAllByRole": [Function],
  "getAllByTestId": [Function],
  "getAllByText": [Function],
  "getAllByTitle": [Function],
  "getByAltText": [Function],
  "getByDisplayValue": [Function],
  "getByLabelText": [Function],
  "getByPlaceholderText": [Function],
  "getByRole": [Function],
  "getByTestId": [Function],
  "getByText": [Function],
  "getByTitle": [Function],
  "queryAllByAltText": [Function],
  "queryAllByDisplayValue": [Function],
  "queryAllByLabelText": [Function],
  "queryAllByPlaceholderText": [Function],
  "queryAllByRole": [Function],
  "queryAllByTestId": [Function],
  "queryAllByText": [Function],
  "queryAllByTitle": [Function],
  "queryByAltText": [Function],
  "queryByDisplayValue": [Function],
  "queryByLabelText": [Function],
  "queryByPlaceholderText": [Function],
  "queryByRole": [Function],
  "queryByTestId": [Function],
  "queryByText": [Function],
  "queryByTitle": [Function],
  "rerender": [Function],
  "unmount": [Function],
}
`;
