// Jest Snapshot v1, https://goo.gl/fbAQLP

exports[`Header component renders correctly with mock project 1`] = `
Object {
  "asFragment": [Function],
  "baseElement": <body>
    <div>
      <div
        class="styles__Background-vxuy5a-0 bnjYss"
      >
        <div
          class="styles__ModalWrapper-vxuy5a-1 ewzIzR"
        >
          <div
            class="styles__Image-vxuy5a-2 jnrJEh"
          >
            <div
              class="styles__LogoWrapper-vxuy5a-3 kvoOQi"
            />
          </div>
          <div
            class="styles__ProjectBody-vxuy5a-5 iFRyfQ"
          >
            <div
              class="styles__HeadingText-vxuy5a-4 jKqfiz"
            >
              <em>
                Big Boss
              </em>
              <br />
              Best Project
            </div>
            <div
              class="styles__BodyText-vxuy5a-6 dGLVIX"
            />
            <div
              class="styles__BodyText-vxuy5a-6 dGLVIX"
            >
              <b>
                ANDis
              </b>
               
              <br />
            </div>
            <div
              class="styles__StackedList-vxuy5a-7 eQleti"
            />
            <ul
              class="styles__TechList-vxuy5a-8 iqmnvP"
            />
          </div>
        </div>
      </div>
    </div>
  </body>,
  "container": <div>
    <div
      class="styles__Background-vxuy5a-0 bnjYss"
    >
      <div
        class="styles__ModalWrapper-vxuy5a-1 ewzIzR"
      >
        <div
          class="styles__Image-vxuy5a-2 jnrJEh"
        >
          <div
            class="styles__LogoWrapper-vxuy5a-3 kvoOQi"
          />
        </div>
        <div
          class="styles__ProjectBody-vxuy5a-5 iFRyfQ"
        >
          <div
            class="styles__HeadingText-vxuy5a-4 jKqfiz"
          >
            <em>
              Big Boss
            </em>
            <br />
            Best Project
          </div>
          <div
            class="styles__BodyText-vxuy5a-6 dGLVIX"
          />
          <div
            class="styles__BodyText-vxuy5a-6 dGLVIX"
          >
            <b>
              ANDis
            </b>
             
            <br />
          </div>
          <div
            class="styles__StackedList-vxuy5a-7 eQleti"
          />
          <ul
            class="styles__TechList-vxuy5a-8 iqmnvP"
          />
        </div>
      </div>
    </div>
  </div>,
  "debug": [Function],
  "findAllByAltText": [Function],
  "findAllByDisplayValue": [Function],
  "findAllByLabelText": [Function],
  "findAllByPlaceholderText": [Function],
  "findAllByRole": [Function],
  "findAllByTestId": [Function],
  "findAllByText": [Function],
  "findAllByTitle": [Function],
  "findByAltText": [Function],
  "findByDisplayValue": [Function],
  "findByLabelText": [Function],
  "findByPlaceholderText": [Function],
  "findByRole": [Function],
  "findByTestId": [Function],
  "findByText": [Function],
  "findByTitle": [Function],
  "getAllByAltText": [Function],
  "getAllByDisplayValue": [Function],
  "getAllByLabelText": [Function],
  "getAllByPlaceholderText": [Function],
  "getAllByRole": [Function],
  "getAllByTestId": [Function],
  "getAllByText": [Function],
  "getAllByTitle": [Function],
  "getByAltText": [Function],
  "getByDisplayValue": [Function],
  "getByLabelText": [Function],
  "getByPlaceholderText": [Function],
  "getByRole": [Function],
  "getByTestId": [Function],
  "getByText": [Function],
  "getByTitle": [Function],
  "queryAllByAltText": [Function],
  "queryAllByDisplayValue": [Function],
  "queryAllByLabelText": [Function],
  "queryAllByPlaceholderText": [Function],
  "queryAllByRole": [Function],
  "queryAllByTestId": [Function],
  "queryAllByText": [Function],
  "queryAllByTitle": [Function],
  "queryByAltText": [Function],
  "queryByDisplayValue": [Function],
  "queryByLabelText": [Function],
  "queryByPlaceholderText": [Function],
  "queryByRole": [Function],
  "queryByTestId": [Function],
  "queryByText": [Function],
  "queryByTitle": [Function],
  "rerender": [Function],
  "unmount": [Function],
}
`;
